error: Mismatching versions of `bevy` found, leafwing-input-manager used bevy version ^0.13
  --> Cargo.toml:12:26
   |
12 | leafwing-input-manager = "0.13"
   |                          ^^^^^^
   |
help: Expected all crates to use `bevy` 0.14.2
  --> Cargo.toml:11:8
   |
11 | bevy = { version = "0.14.2", features = ["android_shared_stdcxx"] }
   |        ^^^^^^^^^^^^^^^^^^^^^^^^^^^^^^^^^^^^^^^^^^^^^^^^^^^^^^^^^^^^
note: the lint level is defined here
  --> src/main.rs:3:9
   |
3  | #![deny(bevy::duplicate_bevy_dependencies)]
   |         ^^^^^^^^^^^^^^^^^^^^^^^^^^^^^^^^^

error: could not compile `multiple-bevy-versions` (bin "multiple-bevy-versions") due to 1 previous error
Check failed: exit status: 101.
