error: parameter takes `&mut Commands` instead of a re-borrowed `Commands`
  --> tests/ui/borrowed_reborrowable/commands.rs:17:22
   |
17 | fn mutable_reference(commands: &mut Commands) {
   |                      ^^^^^^^^^^^^^^^^^^^^^^^ help: use `Commands` instead: `mut commands: bevy::prelude::Commands<'_, '_>`
   |
note: the lint level is defined here
  --> tests/ui/borrowed_reborrowable/commands.rs:5:9
   |
5  | #![deny(bevy::borrowed_reborrowable)]
   |         ^^^^^^^^^^^^^^^^^^^^^^^^^^^

error: parameter takes `&mut Commands` instead of a re-borrowed `Commands`
  --> tests/ui/borrowed_reborrowable/commands.rs:23:33
   |
23 | fn mutable_reference_return<'a>(_commands: &'a mut Commands) -> usize {
   |                                 ^^^^^^^^^^^^^^^^^^^^^^^^^^^ help: use `Commands` instead: `mut _commands: bevy::prelude::Commands<'_, '_>`

error: aborting due to 2 previous errors

