error: parameter takes `&mut EntityCommands` instead of a re-borrowed `EntityCommands`
  --> tests/ui/borrowed_reborrowable/entity_commands.rs:17:22
   |
17 | fn mutable_reference(_param: &mut EntityCommands) {
   |                      ^^^^^^^^^^^^^^^^^^^^^^^^^^^ help: use `EntityCommands` instead: `mut _param: bevy::bevy_ecs::system::EntityCommands<'_>`
   |
note: the lint level is defined here
  --> tests/ui/borrowed_reborrowable/entity_commands.rs:5:9
   |
5  | #![deny(bevy::borrowed_reborrowable)]
   |         ^^^^^^^^^^^^^^^^^^^^^^^^^^^

error: parameter takes `&mut EntityCommands` instead of a re-borrowed `EntityCommands`
  --> tests/ui/borrowed_reborrowable/entity_commands.rs:23:33
   |
23 | fn mutable_reference_return<'a>(_param: &'a mut EntityCommands) -> usize {
   |                                 ^^^^^^^^^^^^^^^^^^^^^^^^^^^^^^ help: use `EntityCommands` instead: `mut _param: bevy::bevy_ecs::system::EntityCommands<'_>`

error: aborting due to 2 previous errors

