error: parameter takes `&mut FilteredEntityMut` instead of a re-borrowed `FilteredEntityMut`
  --> tests/ui/borrowed_reborrowable/filtered_entity_mut.rs:17:22
   |
17 | fn mutable_reference(_param: &mut FilteredEntityMut) {
   |                      ^^^^^^^^^^^^^^^^^^^^^^^^^^^^^^ help: use `FilteredEntityMut` instead: `mut _param: bevy::bevy_ecs::world::FilteredEntityMut<'_>`
   |
note: the lint level is defined here
  --> tests/ui/borrowed_reborrowable/filtered_entity_mut.rs:5:9
   |
5  | #![deny(bevy::borrowed_reborrowable)]
   |         ^^^^^^^^^^^^^^^^^^^^^^^^^^^

error: parameter takes `&mut FilteredEntityMut` instead of a re-borrowed `FilteredEntityMut`
  --> tests/ui/borrowed_reborrowable/filtered_entity_mut.rs:23:33
   |
23 | fn mutable_reference_return<'a>(_param: &'a mut FilteredEntityMut) -> usize {
   |                                 ^^^^^^^^^^^^^^^^^^^^^^^^^^^^^^^^^ help: use `FilteredEntityMut` instead: `mut _param: bevy::bevy_ecs::world::FilteredEntityMut<'_>`

error: aborting due to 2 previous errors

