error: parameter takes `&mut Mut` instead of a re-borrowed `Mut`
  --> tests/ui/borrowed_reborrowable/mut_typed.rs:17:22
   |
17 | fn mutable_reference(_param: &mut Mut<Name>) {
   |                      ^^^^^^^^^^^^^^^^^^^^^^ help: use `Mut` instead: `mut _param: bevy::prelude::Mut<'_, bevy::prelude::Name>`
   |
note: the lint level is defined here
  --> tests/ui/borrowed_reborrowable/mut_typed.rs:5:9
   |
5  | #![deny(bevy::borrowed_reborrowable)]
   |         ^^^^^^^^^^^^^^^^^^^^^^^^^^^

error: parameter takes `&mut Mut` instead of a re-borrowed `Mut`
  --> tests/ui/borrowed_reborrowable/mut_typed.rs:23:33
   |
23 | fn mutable_reference_return<'a>(_param: &'a mut Mut<Name>) -> usize {
   |                                 ^^^^^^^^^^^^^^^^^^^^^^^^^ help: use `Mut` instead: `mut _param: bevy::prelude::Mut<'_, bevy::prelude::Name>`

error: aborting due to 2 previous errors

