error: parameter takes `&mut NonSendMut` instead of a re-borrowed `NonSendMut`
  --> tests/ui/borrowed_reborrowable/non_send_mut.rs:19:22
   |
19 | fn mutable_reference(_param: &mut NonSendMut<MyResource>) {
   |                      ^^^^^^^^^^^^^^^^^^^^^^^^^^^^^^^^^^^ help: use `NonSendMut` instead: `mut _param: bevy::prelude::NonSendMut<'_, MyResource>`
   |
note: the lint level is defined here
  --> tests/ui/borrowed_reborrowable/non_send_mut.rs:5:9
   |
5  | #![deny(bevy::borrowed_reborrowable)]
   |         ^^^^^^^^^^^^^^^^^^^^^^^^^^^

error: parameter takes `&mut NonSendMut` instead of a re-borrowed `NonSendMut`
  --> tests/ui/borrowed_reborrowable/non_send_mut.rs:25:33
   |
25 | fn mutable_reference_return<'a>(_param: &'a mut NonSendMut<MyResource>) -> usize {
   |                                 ^^^^^^^^^^^^^^^^^^^^^^^^^^^^^^^^^^^^^^ help: use `NonSendMut` instead: `mut _param: bevy::prelude::NonSendMut<'_, MyResource>`

error: aborting due to 2 previous errors

