error: parameter takes `&mut PtrMut` instead of a re-borrowed `PtrMut`
  --> tests/ui/borrowed_reborrowable/ptr_mut.rs:17:22
   |
17 | fn mutable_reference(_param: &mut PtrMut) {
   |                      ^^^^^^^^^^^^^^^^^^^ help: use `PtrMut` instead: `mut _param: bevy::bevy_ptr::PtrMut<'_>`
   |
note: the lint level is defined here
  --> tests/ui/borrowed_reborrowable/ptr_mut.rs:5:9
   |
5  | #![deny(bevy::borrowed_reborrowable)]
   |         ^^^^^^^^^^^^^^^^^^^^^^^^^^^

error: parameter takes `&mut PtrMut` instead of a re-borrowed `PtrMut`
  --> tests/ui/borrowed_reborrowable/ptr_mut.rs:23:33
   |
23 | fn mutable_reference_return<'a>(_param: &'a mut PtrMut) -> usize {
   |                                 ^^^^^^^^^^^^^^^^^^^^^^ help: use `PtrMut` instead: `mut _param: bevy::bevy_ptr::PtrMut<'_>`

error: aborting due to 2 previous errors

