error: defined a unit struct without a `Copy` implementation
  --> tests/ui/missing_trait_for_unit_struct/missing_copy.rs:12:1
   |
12 | pub struct IsDefaultUiCamera;
   | ^^^^^^^^^^^^^^^^^^^^^^^^^^^^^
   |
note: `Component` implemented here
  --> tests/ui/missing_trait_for_unit_struct/missing_copy.rs:9:10
   |
 9 | #[derive(Component, Clone)]
   |          ^^^^^^^^^
note: the lint level is defined here
  --> tests/ui/missing_trait_for_unit_struct/missing_copy.rs:4:9
   |
 4 | #![deny(bevy::missing_copy)]
   |         ^^^^^^^^^^^^^^^^^^
   = note: this error originates in the derive macro `Component` (in Nightly builds, run with -Z macro-backtrace for more info)
help: `Copy` can be automatically derived
   |
12 + #[derive(Copy)]
13 | pub struct IsDefaultUiCamera;
   |

error: aborting due to 1 previous error

