error: called a `QueryState` method that can panic when a non-panicking alternative exists
  --> tests/ui/panicking_methods/bug_94_query_state.rs:18:13
   |
18 |     let _ = QueryState::single(&mut query_state, &world);
   |             ^^^^^^^^^^^^^^^^^^^^^^^^^^^^^^^^^^^^^^^^^^^^
   |
   = help: use `QueryState::get_single(&mut query_state, &world)` and handle the `Option` or `Result`
note: the lint level is defined here
  --> tests/ui/panicking_methods/bug_94_query_state.rs:6:9
   |
6  | #![deny(bevy::panicking_query_methods)]
   |         ^^^^^^^^^^^^^^^^^^^^^^^^^^^^^

error: called a `QueryState` method that can panic when a non-panicking alternative exists
  --> tests/ui/panicking_methods/bug_94_query_state.rs:22:5
   |
22 |     QueryState::single_mut(&mut query_state, &mut world);
   |     ^^^^^^^^^^^^^^^^^^^^^^^^^^^^^^^^^^^^^^^^^^^^^^^^^^^^
   |
   = help: use `QueryState::get_single_mut(&mut query_state, &mut world)` and handle the `Option` or `Result`

error: aborting due to 2 previous errors

