error: called a `QueryState` method that can panic when a non-panicking alternative exists
  --> tests/ui/panicking_methods/query_state.rs:18:25
   |
18 |     let _ = query_state.single(&world);
   |                         ^^^^^^^^^^^^^^
   |
   = help: use `query_state.get_single(&world)` and handle the `Option` or `Result`
note: the lint level is defined here
  --> tests/ui/panicking_methods/query_state.rs:6:9
   |
6  | #![deny(bevy::panicking_query_methods)]
   |         ^^^^^^^^^^^^^^^^^^^^^^^^^^^^^

error: called a `QueryState` method that can panic when a non-panicking alternative exists
  --> tests/ui/panicking_methods/query_state.rs:22:17
   |
22 |     query_state.single_mut(&mut world);
   |                 ^^^^^^^^^^^^^^^^^^^^^^
   |
   = help: use `query_state.get_single_mut(&mut world)` and handle the `Option` or `Result`

error: aborting due to 2 previous errors

