error: implemented `Plugin` for a structure whose name does not end in "Plugin"
  --> tests/ui/plugin_not_ending_in_plugin/spoofed_name.rs:21:1
   |
12 |           pub struct Foo;
   |                      --- help: rename the plugin: `FooPlugin`
...
21 | / impl Plugin for FooPlugin {
22 | |     fn build(&self, _app: &mut App) {}
23 | | }
   | |_^
   |
note: the lint level is defined here
  --> tests/ui/plugin_not_ending_in_plugin/spoofed_name.rs:6:9
   |
6  | #![deny(bevy::plugin_not_ending_in_plugin)]
   |         ^^^^^^^^^^^^^^^^^^^^^^^^^^^^^^^^^

error: aborting due to 1 previous error

