error: created a `Bundle` containing a unit `()`
  --> tests/ui/unit_bundle/main.rs:15:9
   |
15 |         Transform::from_translation(Vec3::new(0.75, 0.0, 0.0)).rotate_z(PI / 4.0),
   |         ^^^^^^^^^^^^^^^^^^^^^^^^^^^^^^^^^^^^^^^^^^^^^^^^^^^^^^^^^^^^^^^^^^^^^^^^^
   |
   = note: units `()` are not `Component`s and will be skipped
note: the lint level is defined here
  --> tests/ui/unit_bundle/main.rs:3:9
   |
3  | #![deny(bevy::unit_bundle)]
   |         ^^^^^^^^^^^^^^^^^

error: created a `Bundle` containing a unit `()`
  --> tests/ui/unit_bundle/main.rs:18:13
   |
18 |             no_op(),
   |             ^^^^^^^
   |
   = note: units `()` are not `Component`s and will be skipped

error: created a `Bundle` containing a unit `()`
  --> tests/ui/unit_bundle/main.rs:22:17
   |
22 |                 (),
   |                 ^^
   |
   = note: units `()` are not `Component`s and will be skipped

error: created a `Bundle` containing a unit `()`
  --> tests/ui/unit_bundle/main.rs:35:13
   |
35 |             Transform::from_translation(Vec3::new(0.75, 0.0, 0.0)).rotate_z(PI / 4.0),
   |             ^^^^^^^^^^^^^^^^^^^^^^^^^^^^^^^^^^^^^^^^^^^^^^^^^^^^^^^^^^^^^^^^^^^^^^^^^
   |
   = note: units `()` are not `Component`s and will be skipped

error: created a `Bundle` containing a unit `()`
  --> tests/ui/unit_bundle/main.rs:38:17
   |
38 |                 no_op(),
   |                 ^^^^^^^
   |
   = note: units `()` are not `Component`s and will be skipped

error: created a `Bundle` containing a unit `()`
  --> tests/ui/unit_bundle/main.rs:42:21
   |
42 |                     (),
   |                     ^^
   |
   = note: units `()` are not `Component`s and will be skipped

error: aborting due to 6 previous errors

