warning: lint `bevy::insert_unit_bundle` has been renamed to `bevy::unit_bundle`
  --> tests/ui/unit_bundle/muted.rs:14:13
   |
14 |     #[allow(bevy::insert_unit_bundle)]
   |             ^^^^^^^^^^^^^^^^^^^^^^^^ help: use the new name: `bevy::unit_bundle`
   |
   = note: `#[warn(renamed_and_removed_lints)]` on by default

warning: lint `bevy::insert_unit_bundle` has been renamed to `bevy::unit_bundle`
  --> tests/ui/unit_bundle/muted.rs:19:17
   |
19 |         #[allow(bevy::insert_unit_bundle)]
   |                 ^^^^^^^^^^^^^^^^^^^^^^^^ help: use the new name: `bevy::unit_bundle`

warning: 2 warnings emitted

