error: created a `Bundle` containing a unit `()`
  --> tests/ui/unit_bundle/spawn_empty.rs:12:20
   |
12 |     commands.spawn(());
   |                    ^^
   |
   = note: units `()` are not `Component`s and will be skipped
note: the lint level is defined here
  --> tests/ui/unit_bundle/spawn_empty.rs:3:9
   |
3  | #![deny(bevy::unit_bundle)]
   |         ^^^^^^^^^^^^^^^^^

error: aborting due to 1 previous error

