error: unconventional type name for a `Plugin` or `SystemSet`
  --> tests/ui/unconventional_naming/main.rs:10:8
   |
10 | struct MyAudio;
   |        ^^^^^^^ help: rename the SystemSet: `MyAudioSet`
   |
note: `SystemSet` implemented here
  --> tests/ui/unconventional_naming/main.rs:9:10
   |
9  | #[derive(SystemSet, Debug, Clone, PartialEq, Eq, Hash)]
   |          ^^^^^^^^^
note: the lint level is defined here
  --> tests/ui/unconventional_naming/main.rs:3:9
   |
3  | #![deny(bevy::unconventional_naming)]
   |         ^^^^^^^^^^^^^^^^^^^^^^^^^^^
   = note: this error originates in the derive macro `SystemSet` (in Nightly builds, run with -Z macro-backtrace for more info)

error: unconventional type name for a `Plugin` or `SystemSet`
  --> tests/ui/unconventional_naming/main.rs:15:8
   |
15 | struct Foo;
   |        ^^^ help: rename the Plugin: `FooPlugin`
   |
note: `Plugin` implemented here
  --> tests/ui/unconventional_naming/main.rs:20:1
   |
20 | / impl Plugin for Foo {
21 | |     fn build(&self, _app: &mut App) {}
22 | | }
   | |_^

error: aborting due to 2 previous errors

