error: unconventional type name for a `Plugin`
  --> tests/ui/unconventional_naming/spoofed_name.rs:13:20
   |
13 |         pub struct Foo;
   |                    ^^^ help: rename `Foo`: `FooPlugin`
   |
note: structures that implement `Plugin` should end in `Plugin`
  --> tests/ui/unconventional_naming/spoofed_name.rs:13:20
   |
13 |         pub struct Foo;
   |                    ^^^
note: `Plugin` implemented here
  --> tests/ui/unconventional_naming/spoofed_name.rs:24:1
   |
24 | / impl Plugin for FooPlugin {
25 | |     fn build(&self, _app: &mut App) {}
26 | | }
   | |_^
note: the lint level is defined here
  --> tests/ui/unconventional_naming/spoofed_name.rs:6:9
   |
6  | #![deny(bevy::unconventional_naming)]
   |         ^^^^^^^^^^^^^^^^^^^^^^^^^^^

error: aborting due to 1 previous error

