error: query for a zero-sized type
  --> tests/ui/zst_query/query.rs:53:32
   |
53 | fn immutable_zst(_query: Query<&ZST>) {}
   |                                ^^^^
   |
   = help: consider using a filter instead: `With<ZST>`
note: the lint level is defined here
  --> tests/ui/zst_query/query.rs:5:9
   |
5  | #![deny(bevy::zst_query)]
   |         ^^^^^^^^^^^^^^^

error: query for a zero-sized type
  --> tests/ui/zst_query/query.rs:57:30
   |
57 | fn mutable_zst(_query: Query<&mut ZST>) {}
   |                              ^^^^^^^^
   |
   = help: consider using a filter instead: `With<ZST>`

error: query for a zero-sized type
  --> tests/ui/zst_query/query.rs:61:47
   |
61 | fn immutable_zst_tuple(_query: Query<(Entity, &ZST)>) {}
   |                                               ^^^^
   |
   = help: consider using a filter instead: `With<ZST>`

error: query for a zero-sized type
  --> tests/ui/zst_query/query.rs:65:45
   |
65 | fn mutable_zst_tuple(_query: Query<(Entity, &mut ZST)>) {}
   |                                             ^^^^^^^^
   |
   = help: consider using a filter instead: `With<ZST>`

error: query for a zero-sized type
  --> tests/ui/zst_query/query.rs:77:40
   |
77 | fn generic_immutable_zst(_query: Query<&Generic<ZST>>) {}
   |                                        ^^^^^^^^^^^^^
   |
   = help: consider using a filter instead: `With<Generic<ZST>>`

error: query for a zero-sized type
  --> tests/ui/zst_query/query.rs:81:38
   |
81 | fn generic_mutable_zst(_query: Query<&mut Generic<ZST>>) {}
   |                                      ^^^^^^^^^^^^^^^^^
   |
   = help: consider using a filter instead: `With<Generic<ZST>>`

error: query for a zero-sized type
  --> tests/ui/zst_query/query.rs:89:37
   |
89 | fn phantom_data_query(_query: Query<&Phantom<NonZST>>) {}
   |                                     ^^^^^^^^^^^^^^^^
   |
   = help: consider using a filter instead: `With<Phantom<NonZST>>`

error: aborting due to 7 previous errors

