error: defined a unit struct without a `Clone` implementation
  --> tests/ui/missing_trait_impls/missing_clone.rs:12:1
   |
12 | pub struct IsDefaultUiCamera;
   | ^^^^^^^^^^^^^^^^^^^^^^^^^^^^^
   |
note: `Component` implemented here
  --> tests/ui/missing_trait_impls/missing_clone.rs:9:10
   |
 9 | #[derive(Component)]
   |          ^^^^^^^^^
note: the lint level is defined here
  --> tests/ui/missing_trait_impls/missing_clone.rs:4:9
   |
 4 | #![deny(bevy::missing_clone)]
   |         ^^^^^^^^^^^^^^^^^^^
   = note: this error originates in the derive macro `Component` (in Nightly builds, run with -Z macro-backtrace for more info)
help: `Clone` can be automatically derived
   |
12 + #[derive(Clone)]
13 | pub struct IsDefaultUiCamera;
   |

error: aborting due to 1 previous error

