error: implemented `SystemSet` for a struct whose name does not end in "Set"
  --> tests/ui/system_set_not_ending_in_set/main.rs:10:8
   |
10 | struct MyAudio;
   |        ^^^^^^^ help: rename the SystemSet: `MyAudioSet`
   |
note: `SystemSet` implemented here
  --> tests/ui/system_set_not_ending_in_set/main.rs:9:10
   |
9  | #[derive(SystemSet, Debug, Clone, PartialEq, Eq, Hash)]
   |          ^^^^^^^^^
note: the lint level is defined here
  --> tests/ui/system_set_not_ending_in_set/main.rs:3:9
   |
3  | #![deny(bevy::system_set_not_ending_in_set)]
   |         ^^^^^^^^^^^^^^^^^^^^^^^^^^^^^^^^^^
   = note: this error originates in the derive macro `SystemSet` (in Nightly builds, run with -Z macro-backtrace for more info)

error: aborting due to 1 previous error

