error: defined a component without a `Reflect` implementation
  --> tests/ui/missing_reflect/macros.rs:17:9
   |
17 |         struct MyComponent;
   |         ^^^^^^^^^^^^^^^^^^^
...
26 | local_macro!();
   | -------------- in this macro invocation
   |
note: `Component` implemented here
  --> tests/ui/missing_reflect/macros.rs:14:18
   |
14 |         #[derive(Component)]
   |                  ^^^^^^^^^
...
26 | local_macro!();
   | -------------- in this macro invocation
note: the lint level is defined here
  --> tests/ui/missing_reflect/macros.rs:5:9
   |
5  | #![deny(bevy::missing_reflect)]
   |         ^^^^^^^^^^^^^^^^^^^^^
   = note: this error originates in the macro `local_macro` (in Nightly builds, run with -Z macro-backtrace for more info)
help: `Reflect` can be automatically derived
   |
17 ~         #[derive(Reflect)]
18 ~         struct MyComponent;
   |

error: aborting due to 1 previous error

