error: defined an event without a `Reflect` implementation
  --> tests/ui/missing_reflect/none_reflect_fields.rs:33:1
   |
33 | struct MyEvent(NonReflect);
   | ^^^^^^^^^^^^^^^^^^^^^^^^^^^
   |
note: `Event` implemented here
  --> tests/ui/missing_reflect/none_reflect_fields.rs:35:1
   |
35 | / impl Event for MyEvent {
36 | |     type Traversal = ();
37 | | }
   | |_^
note: the lint level is defined here
  --> tests/ui/missing_reflect/none_reflect_fields.rs:8:9
   |
8  | #![deny(bevy::missing_reflect)]
   |         ^^^^^^^^^^^^^^^^^^^^^
help: `Reflect` can be automatically derived
   |
33 + #[derive(Reflect)]
34 | struct MyEvent(NonReflect);
   |

error: defined a component without a `Reflect` implementation
  --> tests/ui/missing_reflect/none_reflect_fields.rs:18:1
   |
18 | / struct MyComponent {
19 | |     reflect: u64,
20 | |     non_reflect: NonReflect,
21 | | }
   | |_^
   |
note: `Component` implemented here
  --> tests/ui/missing_reflect/none_reflect_fields.rs:15:10
   |
15 | #[derive(Component)]
   |          ^^^^^^^^^
   = note: this error originates in the derive macro `Component` (in Nightly builds, run with -Z macro-backtrace for more info)
help: `Reflect` can be automatically derived
   |
18 + #[derive(Reflect)]
19 | struct MyComponent {
   |

error: defined a resource without a `Reflect` implementation
  --> tests/ui/missing_reflect/none_reflect_fields.rs:27:1
   |
27 | / enum MyResource {
28 | |     Reflectable(String),
29 | |     NonReflectable(NonReflect),
30 | | }
   | |_^
   |
note: `Resource` implemented here
  --> tests/ui/missing_reflect/none_reflect_fields.rs:24:10
   |
24 | #[derive(Resource)]
   |          ^^^^^^^^
   = note: this error originates in the derive macro `Resource` (in Nightly builds, run with -Z macro-backtrace for more info)
help: `Reflect` can be automatically derived
   |
27 + #[derive(Reflect)]
28 | enum MyResource {
   |

error: aborting due to 3 previous errors

